{
  "version": "1.5.0",
  "plugins_used": [
    {
      "name": "ArtifactoryDetector"
    },
    {
      "name": "AWSKeyDetector"
    },
    {
      "name": "AzureStorageKeyDetector"
    },
    {
      "name": "Base64HighEntropyString",
      "limit": 4.5
    },
    {
      "name": "BasicAuthDetector"
    },
    {
      "name": "CloudantDetector"
    },
    {
      "name": "DiscordBotTokenDetector"
    },
    {
      "name": "GitHubTokenDetector"
    },
    {
      "name": "GitLabTokenDetector"
    },
    {
      "name": "HexHighEntropyString",
      "limit": 3.0
    },
    {
      "name": "IbmCloudIamDetector"
    },
    {
      "name": "IbmCosHmacDetector"
    },
    {
      "name": "IPPublicDetector"
    },
    {
      "name": "JwtTokenDetector"
    },
    {
      "name": "KeywordDetector",
      "keyword_exclude": ""
    },
    {
      "name": "MailchimpDetector"
    },
    {
      "name": "NpmDetector"
    },
    {
      "name": "OpenAIDetector"
    },
    {
      "name": "PrivateKeyDetector"
    },
    {
      "name": "PypiTokenDetector"
    },
    {
      "name": "SendGridDetector"
    },
    {
      "name": "SlackDetector"
    },
    {
      "name": "SoftlayerDetector"
    },
    {
      "name": "SquareOAuthDetector"
    },
    {
      "name": "StripeDetector"
    },
    {
      "name": "TelegramBotTokenDetector"
    },
    {
      "name": "TwilioKeyDetector"
    }
  ],
  "filters_used": [
    {
      "path": "detect_secrets.filters.allowlist.is_line_allowlisted"
    },
    {
      "path": "detect_secrets.filters.common.is_ignored_due_to_verification_policies",
      "min_level": 2
    },
    {
      "path": "detect_secrets.filters.heuristic.is_indirect_reference"
    },
    {
      "path": "detect_secrets.filters.heuristic.is_likely_id_string"
    },
    {
      "path": "detect_secrets.filters.heuristic.is_lock_file"
    },
    {
      "path": "detect_secrets.filters.heuristic.is_not_alphanumeric_string"
    },
    {
      "path": "detect_secrets.filters.heuristic.is_potential_uuid"
    },
    {
      "path": "detect_secrets.filters.heuristic.is_prefixed_with_dollar_sign"
    },
    {
      "path": "detect_secrets.filters.heuristic.is_sequential_string"
    },
    {
      "path": "detect_secrets.filters.heuristic.is_swagger_file"
    },
    {
      "path": "detect_secrets.filters.heuristic.is_templated_secret"
    }
  ],
  "results": {
    ".github/workflows/ci-backend.yml": [
      {
        "type": "Secret Keyword",
        "filename": ".github/workflows/ci-backend.yml",
        "hashed_secret": "a94a8fe5ccb19ba61c4c0873d391e987982fbbd3",
        "is_verified": false,
        "line_number": 20
      }
    ],
    "AUTHORIZATION_FIX.md": [
      {
        "type": "Secret Keyword",
        "filename": "AUTHORIZATION_FIX.md",
        "hashed_secret": "f865b53623b121fd34ee5426c792e5c33af8c227",
        "is_verified": false,
        "line_number": 153
      }
    ],
    "AUTHORIZATION_IMPLEMENTATION_STATUS.md": [
      {
        "type": "Secret Keyword",
        "filename": "AUTHORIZATION_IMPLEMENTATION_STATUS.md",
        "hashed_secret": "f865b53623b121fd34ee5426c792e5c33af8c227",
        "is_verified": false,
        "line_number": 87
      },
      {
        "type": "Secret Keyword",
        "filename": "AUTHORIZATION_IMPLEMENTATION_STATUS.md",
        "hashed_secret": "f35bc30c0ab883785eb8909fe8db729e6e591a9e",
        "is_verified": false,
        "line_number": 122
      },
      {
        "type": "Secret Keyword",
        "filename": "AUTHORIZATION_IMPLEMENTATION_STATUS.md",
        "hashed_secret": "95c946bf622ef93b0a211cd0fd028dfdfcf7e39e",
        "is_verified": false,
        "line_number": 135
      }
    ],
    "CAHIER_CHARGES_HEBERGEMENT.md": [
      {
        "type": "Basic Auth Credentials",
        "filename": "CAHIER_CHARGES_HEBERGEMENT.md",
        "hashed_secret": "5baa61e4c9b93f3f0682250b6cf8331b7ee68fd8",
        "is_verified": false,
        "line_number": 92
      }
    ],
    "DIAGNOSTIC_403.md": [
      {
        "type": "Secret Keyword",
        "filename": "DIAGNOSTIC_403.md",
        "hashed_secret": "f865b53623b121fd34ee5426c792e5c33af8c227",
        "is_verified": false,
        "line_number": 242
      }
    ],
    "KOTLIN_MIGRATION.md": [
      {
        "type": "Secret Keyword",
        "filename": "KOTLIN_MIGRATION.md",
        "hashed_secret": "cbfdac6008f9cab4083784cbd1874f76618d2a97",
        "is_verified": false,
        "line_number": 243
      }
    ],
    "MASTER_DOCUMENTATION.md": [
      {
        "type": "Secret Keyword",
        "filename": "MASTER_DOCUMENTATION.md",
        "hashed_secret": "f865b53623b121fd34ee5426c792e5c33af8c227",
        "is_verified": false,
        "line_number": 83
      },
      {
        "type": "Basic Auth Credentials",
        "filename": "MASTER_DOCUMENTATION.md",
        "hashed_secret": "5baa61e4c9b93f3f0682250b6cf8331b7ee68fd8",
        "is_verified": false,
        "line_number": 178
      }
    ],
    "RAILWAY_DEPLOY.md": [
      {
        "type": "Secret Keyword",
        "filename": "RAILWAY_DEPLOY.md",
        "hashed_secret": "f865b53623b121fd34ee5426c792e5c33af8c227",
        "is_verified": false,
        "line_number": 84
      }
    ],
    "RAILWAY_DEPLOYMENT_GUIDE.md": [
      {
        "type": "Secret Keyword",
        "filename": "RAILWAY_DEPLOYMENT_GUIDE.md",
        "hashed_secret": "664819d8c5343676c9225b5ed00a5cdc6f3a1ff3",
        "is_verified": false,
        "line_number": 166
      }
    ],
    "RAILWAY_FIX.md": [
      {
        "type": "Basic Auth Credentials",
        "filename": "RAILWAY_FIX.md",
        "hashed_secret": "9c4b74c616c38c76836fa147a9f4cabefb43018c",
        "is_verified": false,
        "line_number": 59
      }
    ],
    "backend/.env.example": [
      {
        "type": "Basic Auth Credentials",
        "filename": "backend/.env.example",
        "hashed_secret": "5baa61e4c9b93f3f0682250b6cf8331b7ee68fd8",
        "is_verified": false,
        "line_number": 5
      }
    ],
    "backend/TEST_USERS.md": [
      {
        "type": "Secret Keyword",
        "filename": "backend/TEST_USERS.md",
        "hashed_secret": "f865b53623b121fd34ee5426c792e5c33af8c227",
        "is_verified": false,
        "line_number": 130
      },
      {
        "type": "Secret Keyword",
        "filename": "backend/TEST_USERS.md",
        "hashed_secret": "a55a3986a699ba4d2b29b2057811322bf076abd0",
        "is_verified": false,
        "line_number": 257
      },
      {
        "type": "Secret Keyword",
        "filename": "backend/TEST_USERS.md",
        "hashed_secret": "a1fb8e470e7ec198ccdb700dd1551c2d64d5b1d5",
        "is_verified": false,
        "line_number": 273
      }
    ],
    "backend/docker-compose.yml": [
      {
        "type": "Secret Keyword",
        "filename": "backend/docker-compose.yml",
        "hashed_secret": "afc848c316af1a89d49826c5ae9d00ed769415f3",
        "is_verified": false,
        "line_number": 11
      },
      {
        "type": "Base64 High Entropy String",
        "filename": "backend/docker-compose.yml",
        "hashed_secret": "e202621a1f01196f0b6eba32699a391db728e9e1",
        "is_verified": false,
        "line_number": 35
      },
      {
        "type": "Secret Keyword",
        "filename": "backend/docker-compose.yml",
        "hashed_secret": "e202621a1f01196f0b6eba32699a391db728e9e1",
        "is_verified": false,
        "line_number": 35
      }
    ],
    "backend/src/main/resources/application-prod.properties": [
      {
        "type": "Basic Auth Credentials",
        "filename": "backend/src/main/resources/application-prod.properties",
        "hashed_secret": "9d4e1e23bd5b727046a9e3b4b7db57bd8d6ee684",
        "is_verified": false,
        "line_number": 5
      },
      {
        "type": "Secret Keyword",
        "filename": "backend/src/main/resources/application-prod.properties",
        "hashed_secret": "43f7cbf139f31e89209406fd8f1942033bd47aec",
        "is_verified": false,
        "line_number": 11
      }
    ],
    "backend/src/main/resources/application.properties": [
      {
        "type": "Secret Keyword",
        "filename": "backend/src/main/resources/application.properties",
        "hashed_secret": "afc848c316af1a89d49826c5ae9d00ed769415f3",
        "is_verified": false,
        "line_number": 7
      },
      {
        "type": "Secret Keyword",
        "filename": "backend/src/main/resources/application.properties",
        "hashed_secret": "3aafeccc560bf833d8bf44bd3259604f070a17b5",
        "is_verified": false,
        "line_number": 33
      }
    ],
    "backend/src/test/kotlin/ma/investpro/integration/AuthIntegrationTest.kt": [
      {
        "type": "Secret Keyword",
        "filename": "backend/src/test/kotlin/ma/investpro/integration/AuthIntegrationTest.kt",
        "hashed_secret": "cbfdac6008f9cab4083784cbd1874f76618d2a97",
        "is_verified": false,
        "line_number": 39
      },
      {
        "type": "Secret Keyword",
        "filename": "backend/src/test/kotlin/ma/investpro/integration/AuthIntegrationTest.kt",
        "hashed_secret": "d8ecf7db8fc9ec9c31bc5c9ae2929cc599c75f8d",
        "is_verified": false,
        "line_number": 125
      }
    ],
    "backend/src/test/kotlin/ma/investpro/integration/ConventionConfigurationIntegrationTest.kt": [
      {
        "type": "Secret Keyword",
        "filename": "backend/src/test/kotlin/ma/investpro/integration/ConventionConfigurationIntegrationTest.kt",
        "hashed_secret": "f865b53623b121fd34ee5426c792e5c33af8c227",
        "is_verified": false,
        "line_number": 55
      },
      {
        "type": "Secret Keyword",
        "filename": "backend/src/test/kotlin/ma/investpro/integration/ConventionConfigurationIntegrationTest.kt",
        "hashed_secret": "95c946bf622ef93b0a211cd0fd028dfdfcf7e39e",
        "is_verified": false,
        "line_number": 215
      },
      {
        "type": "Secret Keyword",
        "filename": "backend/src/test/kotlin/ma/investpro/integration/ConventionConfigurationIntegrationTest.kt",
        "hashed_secret": "f35bc30c0ab883785eb8909fe8db729e6e591a9e",
        "is_verified": false,
        "line_number": 258
      }
    ],
    "backend/src/test/resources/application-ci.properties": [
      {
        "type": "Secret Keyword",
        "filename": "backend/src/test/resources/application-ci.properties",
        "hashed_secret": "eb2a311a2f35ad105852c458019c3be06c88eacc",
        "is_verified": false,
        "line_number": 21
      }
    ],
    "backend/src/test/resources/application-test.properties": [
      {
        "type": "Secret Keyword",
        "filename": "backend/src/test/resources/application-test.properties",
        "hashed_secret": "2be90c01a522c6e7da6a59d0012489eac0141967",
        "is_verified": false,
        "line_number": 8
      }
    ],
    "docker-compose.yml": [
      {
        "type": "Secret Keyword",
        "filename": "docker-compose.yml",
        "hashed_secret": "afc848c316af1a89d49826c5ae9d00ed769415f3",
        "is_verified": false,
        "line_number": 10
      },
      {
        "type": "Secret Keyword",
        "filename": "docker-compose.yml",
        "hashed_secret": "d033e22ae348aeb5660fc2140aec35850c4da997",
        "is_verified": false,
        "line_number": 45
      }
    ],
    "legacy/Xcompta-main/landingpage/scss/icons/font-awesome/old/.bower.json": [
      {
        "type": "Hex High Entropy String",
        "filename": "legacy/Xcompta-main/landingpage/scss/icons/font-awesome/old/.bower.json",
        "hashed_secret": "9f6b599a06bf7c6d2d861dc3ef46861f3f377826",
        "is_verified": false,
        "line_number": 31
      }
    ],
    "legacy/Xcompta-main/monster/dist/js/pages/maps/map-google.init.js": [
      {
        "type": "Base64 High Entropy String",
        "filename": "legacy/Xcompta-main/monster/dist/js/pages/maps/map-google.init.js",
        "hashed_secret": "e1d0ec723c1f859af7b808645bab94264a3219ec",
        "is_verified": false,
        "line_number": 218
      }
    ],
    "legacy/Xcompta-main/monster/src/assets/libs/@claviska/jquery-minicolors/package.json": [
      {
        "type": "Base64 High Entropy String",
        "filename": "legacy/Xcompta-main/monster/src/assets/libs/@claviska/jquery-minicolors/package.json",
        "hashed_secret": "61e9ac344ad45a579a7ab66f64fd7d52184670d5",
        "is_verified": false,
        "line_number": 11
      }
    ],
    "legacy/Xcompta-main/monster/src/assets/libs/block-ui/package.json": [
      {
        "type": "Base64 High Entropy String",
        "filename": "legacy/Xcompta-main/monster/src/assets/libs/block-ui/package.json",
        "hashed_secret": "dc7990d5e4a85a8bc23460888a0a6cc1034b2109",
        "is_verified": false,
        "line_number": 11
      }
    ],
    "legacy/Xcompta-main/monster/src/assets/libs/c3/package.json": [
      {
        "type": "Base64 High Entropy String",
        "filename": "legacy/Xcompta-main/monster/src/assets/libs/c3/package.json",
        "hashed_secret": "95ae0b7f8483b537119863c0078a521f7c3cf115",
        "is_verified": false,
        "line_number": 5
      },
      {
        "type": "Hex High Entropy String",
        "filename": "legacy/Xcompta-main/monster/src/assets/libs/c3/package.json",
        "hashed_secret": "aa72e0ce25fe1670e9a1686fd233dbcab94130bf",
        "is_verified": false,
        "line_number": 22
      },
      {
        "type": "Hex High Entropy String",
        "filename": "legacy/Xcompta-main/monster/src/assets/libs/c3/package.json",
        "hashed_secret": "d6967acd0c6f4ab89a1280db8bcfab32cae80ff6",
        "is_verified": false,
        "line_number": 74
      }
    ],
    "legacy/Xcompta-main/monster/src/assets/libs/ckeditor/package.json": [
      {
        "type": "Base64 High Entropy String",
        "filename": "legacy/Xcompta-main/monster/src/assets/libs/ckeditor/package.json",
        "hashed_secret": "9ec90827e09e5954f5eb7d98ea4b2d49f2baeede",
        "is_verified": false,
        "line_number": 11
      }
    ],
    "legacy/Xcompta-main/monster/src/assets/libs/ckeditor/samples/toolbarconfigurator/font/config.json": [
      {
        "type": "Hex High Entropy String",
        "filename": "legacy/Xcompta-main/monster/src/assets/libs/ckeditor/samples/toolbarconfigurator/font/config.json",
        "hashed_secret": "42135f571e4032ff0331aff3f0229d40692b91f0",
        "is_verified": false,
        "line_number": 10
      },
      {
        "type": "Hex High Entropy String",
        "filename": "legacy/Xcompta-main/monster/src/assets/libs/ckeditor/samples/toolbarconfigurator/font/config.json",
        "hashed_secret": "f8233498e4236cb4a2634092cac5b2855f9b636d",
        "is_verified": false,
        "line_number": 16
      },
      {
        "type": "Hex High Entropy String",
        "filename": "legacy/Xcompta-main/monster/src/assets/libs/ckeditor/samples/toolbarconfigurator/font/config.json",
        "hashed_secret": "786b584b30f8c0be04cd61ae12377d2383ce5b2c",
        "is_verified": false,
        "line_number": 22
      }
    ],
    "legacy/Xcompta-main/monster/src/assets/libs/d3/dist/d3.js": [
      {
        "type": "Hex High Entropy String",
        "filename": "legacy/Xcompta-main/monster/src/assets/libs/d3/dist/d3.js",
        "hashed_secret": "6ea182881ad36b1807027ece91b9fc4bd2c5c549",
        "is_verified": false,
        "line_number": 14247
      },
      {
        "type": "Hex High Entropy String",
        "filename": "legacy/Xcompta-main/monster/src/assets/libs/d3/dist/d3.js",
        "hashed_secret": "b2560db24ef893e1965ffc87b9ec8dac6d19885c",
        "is_verified": false,
        "line_number": 14248
      },
      {
        "type": "Hex High Entropy String",
        "filename": "legacy/Xcompta-main/monster/src/assets/libs/d3/dist/d3.js",
        "hashed_secret": "aa8a875576bf73eab9187868eed2ef41d4bfe1c1",
        "is_verified": false,
        "line_number": 14249
      },
      {
        "type": "Hex High Entropy String",
        "filename": "legacy/Xcompta-main/monster/src/assets/libs/d3/dist/d3.js",
        "hashed_secret": "86f404fa8a9d081a554324147b1defae9531e320",
        "is_verified": false,
        "line_number": 14250
      },
      {
        "type": "Hex High Entropy String",
        "filename": "legacy/Xcompta-main/monster/src/assets/libs/d3/dist/d3.js",
        "hashed_secret": "7dc6230a234c05587f97923642e0dc016135cab5",
        "is_verified": false,
        "line_number": 14251
      },
      {
        "type": "Hex High Entropy String",
        "filename": "legacy/Xcompta-main/monster/src/assets/libs/d3/dist/d3.js",
        "hashed_secret": "931851baed3c0440078cbc7be4eb234fad1ad6db",
        "is_verified": false,
        "line_number": 14252
      },
      {
        "type": "Hex High Entropy String",
        "filename": "legacy/Xcompta-main/monster/src/assets/libs/d3/dist/d3.js",
        "hashed_secret": "a7e8f84606160609ec7c0df5e589458afac5096a",
        "is_verified": false,
        "line_number": 14253
      },
      {
        "type": "Hex High Entropy String",
        "filename": "legacy/Xcompta-main/monster/src/assets/libs/d3/dist/d3.js",
        "hashed_secret": "1fe6c17446dd89b9f060d021f856b9c93694c2c0",
        "is_verified": false,
        "line_number": 14254
      },
      {
        "type": "Hex High Entropy String",
        "filename": "legacy/Xcompta-main/monster/src/assets/libs/d3/dist/d3.js",
        "hashed_secret": "a60e87f4b9731e1ccff1282a817af63f19edab6d",
        "is_verified": false,
        "line_number": 14255
      },
      {
        "type": "Hex High Entropy String",
        "filename": "legacy/Xcompta-main/monster/src/assets/libs/d3/dist/d3.js",
        "hashed_secret": "b83364de8047622abd5b879de693e4671fb9ff92",
        "is_verified": false,
        "line_number": 14262
      },
      {
        "type": "Hex High Entropy String",
        "filename": "legacy/Xcompta-main/monster/src/assets/libs/d3/dist/d3.js",
        "hashed_secret": "bd32abe4c59e804dd76bc0e4c96d2dd2e52da947",
        "is_verified": false,
        "line_number": 14263
      },
      {
        "type": "Hex High Entropy String",
        "filename": "legacy/Xcompta-main/monster/src/assets/libs/d3/dist/d3.js",
        "hashed_secret": "56b88dbe9c39d3da37bd8b4ce330187d0e52302d",
        "is_verified": false,
        "line_number": 14264
      },
      {
        "type": "Hex High Entropy String",
        "filename": "legacy/Xcompta-main/monster/src/assets/libs/d3/dist/d3.js",
        "hashed_secret": "88733f905a41d90c883f1e8df05ec92a4872d673",
        "is_verified": false,
        "line_number": 14265
      },
      {
        "type": "Hex High Entropy String",
        "filename": "legacy/Xcompta-main/monster/src/assets/libs/d3/dist/d3.js",
        "hashed_secret": "dfd3c4fbb6f97b4a24ef894732fb244e3541cfca",
        "is_verified": false,
        "line_number": 14266
      },
      {
        "type": "Hex High Entropy String",
        "filename": "legacy/Xcompta-main/monster/src/assets/libs/d3/dist/d3.js",
        "hashed_secret": "52585b528f22581000b784cd2c7c6a64f78e2b92",
        "is_verified": false,
        "line_number": 14267
      },
      {
        "type": "Hex High Entropy String",
        "filename": "legacy/Xcompta-main/monster/src/assets/libs/d3/dist/d3.js",
        "hashed_secret": "5af651962f5b537ec30e01e86c6cd852154f5d35",
        "is_verified": false,
        "line_number": 14268
      },
      {
        "type": "Hex High Entropy String",
        "filename": "legacy/Xcompta-main/monster/src/assets/libs/d3/dist/d3.js",
        "hashed_secret": "2bf9a3db41fbbe7e9d1ac1a5cea42d0fd79c3a7c",
        "is_verified": false,
        "line_number": 14269
      },
      {
        "type": "Hex High Entropy String",
        "filename": "legacy/Xcompta-main/monster/src/assets/libs/d3/dist/d3.js",
        "hashed_secret": "d87832ccf0b3953fd55ff394979639193d726f02",
        "is_verified": false,
        "line_number": 14275
      },
      {
        "type": "Hex High Entropy String",
        "filename": "legacy/Xcompta-main/monster/src/assets/libs/d3/dist/d3.js",
        "hashed_secret": "0b827e1ce36a6e7126294b56e6dece612906ef1a",
        "is_verified": false,
        "line_number": 14276
      },
      {
        "type": "Hex High Entropy String",
        "filename": "legacy/Xcompta-main/monster/src/assets/libs/d3/dist/d3.js",
        "hashed_secret": "e79d2194550ee64c3275e88a61fda3374847adf1",
        "is_verified": false,
        "line_number": 14277
      },
      {
        "type": "Hex High Entropy String",
        "filename": "legacy/Xcompta-main/monster/src/assets/libs/d3/dist/d3.js",
        "hashed_secret": "afd7d6e8e35eb0e09162f4abda3899b8bcf82b0e",
        "is_verified": false,
        "line_number": 14278
      },
      {
        "type": "Hex High Entropy String",
        "filename": "legacy/Xcompta-main/monster/src/assets/libs/d3/dist/d3.js",
        "hashed_secret": "ed1484010237fdeef3bb0120bf0959c36db271cc",
        "is_verified": false,
        "line_number": 14279
      },
      {
        "type": "Hex High Entropy String",
        "filename": "legacy/Xcompta-main/monster/src/assets/libs/d3/dist/d3.js",
        "hashed_secret": "c3c5403910007166ab8b974aaa08961a40d9e653",
        "is_verified": false,
        "line_number": 14280
      },
      {
        "type": "Hex High Entropy String",
        "filename": "legacy/Xcompta-main/monster/src/assets/libs/d3/dist/d3.js",
        "hashed_secret": "fad491a101771adad3f61b91a42c5a5a7734887e",
        "is_verified": false,
        "line_number": 14281
      },
      {
        "type": "Hex High Entropy String",
        "filename": "legacy/Xcompta-main/monster/src/assets/libs/d3/dist/d3.js",
        "hashed_secret": "1722a37828c5b4ffe2116b7a9301faf131c58588",
        "is_verified": false,
        "line_number": 14282
      },
      {
        "type": "Hex High Entropy String",
        "filename": "legacy/Xcompta-main/monster/src/assets/libs/d3/dist/d3.js",
        "hashed_secret": "b7a3e87751fc3ae3d6af62f3a9b6ccca311ff203",
        "is_verified": false,
        "line_number": 14283
      },
      {
        "type": "Hex High Entropy String",
        "filename": "legacy/Xcompta-main/monster/src/assets/libs/d3/dist/d3.js",
        "hashed_secret": "39fc2550f27d983de5a2f9b6da00ca51b3f498fe",
        "is_verified": false,
        "line_number": 14289
      },
      {
        "type": "Hex High Entropy String",
        "filename": "legacy/Xcompta-main/monster/src/assets/libs/d3/dist/d3.js",
        "hashed_secret": "339ad02cad6907f325bf2a261ee244b560682f4e",
        "is_verified": false,
        "line_number": 14290
      },
      {
        "type": "Hex High Entropy String",
        "filename": "legacy/Xcompta-main/monster/src/assets/libs/d3/dist/d3.js",
        "hashed_secret": "86cff3e4d262a76ddb9d6e0c4eaa60874f1487bb",
        "is_verified": false,
        "line_number": 14291
      },
      {
        "type": "Hex High Entropy String",
        "filename": "legacy/Xcompta-main/monster/src/assets/libs/d3/dist/d3.js",
        "hashed_secret": "b8a36bc1fd7394b594548298d40f9783f31d721f",
        "is_verified": false,
        "line_number": 14292
      },
      {
        "type": "Hex High Entropy String",
        "filename": "legacy/Xcompta-main/monster/src/assets/libs/d3/dist/d3.js",
        "hashed_secret": "b3df3594d9967834e5d637979bb6eace6bf46889",
        "is_verified": false,
        "line_number": 14293
      },
      {
        "type": "Hex High Entropy String",
        "filename": "legacy/Xcompta-main/monster/src/assets/libs/d3/dist/d3.js",
        "hashed_secret": "6b7e749280b306c415efb82504e54d9ba7c26d8b",
        "is_verified": false,
        "line_number": 14294
      },
      {
        "type": "Hex High Entropy String",
        "filename": "legacy/Xcompta-main/monster/src/assets/libs/d3/dist/d3.js",
        "hashed_secret": "7de7942932d3955c2608e21722094148ba2fb1a2",
        "is_verified": false,
        "line_number": 14295
      },
      {
        "type": "Hex High Entropy String",
        "filename": "legacy/Xcompta-main/monster/src/assets/libs/d3/dist/d3.js",
        "hashed_secret": "3595dcd7b54dbd8a4fe96f2cb0b222649a905234",
        "is_verified": false,
        "line_number": 14296
      },
      {
        "type": "Hex High Entropy String",
        "filename": "legacy/Xcompta-main/monster/src/assets/libs/d3/dist/d3.js",
        "hashed_secret": "17076a0132112cece193b8058df15fbdebbc41f4",
        "is_verified": false,
        "line_number": 14297
      },
      {
        "type": "Hex High Entropy String",
        "filename": "legacy/Xcompta-main/monster/src/assets/libs/d3/dist/d3.js",
        "hashed_secret": "1768d6a54935a9150208e0a5f9200d54d04d24d7",
        "is_verified": false,
        "line_number": 14304
      },
      {
        "type": "Hex High Entropy String",
        "filename": "legacy/Xcompta-main/monster/src/assets/libs/d3/dist/d3.js",
        "hashed_secret": "c3ec102e9208dd27c4eabd34f219b058decdff1d",
        "is_verified": false,
        "line_number": 14305
      },
      {
        "type": "Hex High Entropy String",
        "filename": "legacy/Xcompta-main/monster/src/assets/libs/d3/dist/d3.js",
        "hashed_secret": "02a3dd3d953d09d75ad25b2320b04c582257f4a7",
        "is_verified": false,
        "line_number": 14306
      },
      {
        "type": "Hex High Entropy String",
        "filename": "legacy/Xcompta-main/monster/src/assets/libs/d3/dist/d3.js",
        "hashed_secret": "27b14e2884fa0add3d4670e72db46ae5e5b18a87",
        "is_verified": false,
        "line_number": 14307
      },
      {
        "type": "Hex High Entropy String",
        "filename": "legacy/Xcompta-main/monster/src/assets/libs/d3/dist/d3.js",
        "hashed_secret": "20405ba6cbd264fc5b49eea0cc849b2d9ae0e393",
        "is_verified": false,
        "line_number": 14308
      },
      {
        "type": "Hex High Entropy String",
        "filename": "legacy/Xcompta-main/monster/src/assets/libs/d3/dist/d3.js",
        "hashed_secret": "0ede3fb9831b1acadbba0d0d278841a02bf69c64",
        "is_verified": false,
        "line_number": 14309
      },
      {
        "type": "Hex High Entropy String",
        "filename": "legacy/Xcompta-main/monster/src/assets/libs/d3/dist/d3.js",
        "hashed_secret": "730e50efd389dd6350b35784c990e127603e9fd5",
        "is_verified": false,
        "line_number": 14310
      },
      {
        "type": "Hex High Entropy String",
        "filename": "legacy/Xcompta-main/monster/src/assets/libs/d3/dist/d3.js",
        "hashed_secret": "722b0d7aa90d8d50c480a78bc2dc4fd2abe1a68a",
        "is_verified": false,
        "line_number": 14311
      },
      {
        "type": "Hex High Entropy String",
        "filename": "legacy/Xcompta-main/monster/src/assets/libs/d3/dist/d3.js",
        "hashed_secret": "1a57a6d5dbb1b8d2120564c6da531e25cffe7b73",
        "is_verified": false,
        "line_number": 14320
      },
      {
        "type": "Hex High Entropy String",
        "filename": "legacy/Xcompta-main/monster/src/assets/libs/d3/dist/d3.js",
        "hashed_secret": "9407d5df5b714cd44057ad6b40281ac7104350b1",
        "is_verified": false,
        "line_number": 14321
      },
      {
        "type": "Hex High Entropy String",
        "filename": "legacy/Xcompta-main/monster/src/assets/libs/d3/dist/d3.js",
        "hashed_secret": "4d380771a15b5fd316ea49cbb543601a86047948",
        "is_verified": false,
        "line_number": 14322
      },
      {
        "type": "Hex High Entropy String",
        "filename": "legacy/Xcompta-main/monster/src/assets/libs/d3/dist/d3.js",
        "hashed_secret": "353a3ab1d0aba81d2dd1f0c5d26e668193d052ab",
        "is_verified": false,
        "line_number": 14323
      },
      {
        "type": "Hex High Entropy String",
        "filename": "legacy/Xcompta-main/monster/src/assets/libs/d3/dist/d3.js",
        "hashed_secret": "8cc276eead2d0bf2430e395868dae595c4af1c7b",
        "is_verified": false,
        "line_number": 14324
      },
      {
        "type": "Hex High Entropy String",
        "filename": "legacy/Xcompta-main/monster/src/assets/libs/d3/dist/d3.js",
        "hashed_secret": "6e4e9e05dadf426e344d8ee52eebb6eabc87bdfe",
        "is_verified": false,
        "line_number": 14325
      },
      {
        "type": "Hex High Entropy String",
        "filename": "legacy/Xcompta-main/monster/src/assets/libs/d3/dist/d3.js",
        "hashed_secret": "6e7a5a5416ecd7dbae7b362562f78642dd0374ca",
        "is_verified": false,
        "line_number": 14332
      },
      {
        "type": "Hex High Entropy String",
        "filename": "legacy/Xcompta-main/monster/src/assets/libs/d3/dist/d3.js",
        "hashed_secret": "c561499db197eb3c1c426398999ba800217c466d",
        "is_verified": false,
        "line_number": 14333
      },
      {
        "type": "Hex High Entropy String",
        "filename": "legacy/Xcompta-main/monster/src/assets/libs/d3/dist/d3.js",
        "hashed_secret": "b81c65190a86c31d124653bd687935db8774f5c8",
        "is_verified": false,
        "line_number": 14334
      },
      {
        "type": "Hex High Entropy String",
        "filename": "legacy/Xcompta-main/monster/src/assets/libs/d3/dist/d3.js",
        "hashed_secret": "dfbbaad57ea6f78c59e5d56f7a26046f216bddc9",
        "is_verified": false,
        "line_number": 14335
      },
      {
        "type": "Hex High Entropy String",
        "filename": "legacy/Xcompta-main/monster/src/assets/libs/d3/dist/d3.js",
        "hashed_secret": "c829fae18352e113a9d4e48a2ae5157e514110e8",
        "is_verified": false,
        "line_number": 14336
      },
      {
        "type": "Hex High Entropy String",
        "filename": "legacy/Xcompta-main/monster/src/assets/libs/d3/dist/d3.js",
        "hashed_secret": "9e6ab49458762b44d9bad700eb5ad25eb87f3df8",
        "is_verified": false,
        "line_number": 14337
      },
      {
        "type": "Hex High Entropy String",
        "filename": "legacy/Xcompta-main/monster/src/assets/libs/d3/dist/d3.js",
        "hashed_secret": "3e7e6c88540e569766916b0ed1f6cecc349d1153",
        "is_verified": false,
        "line_number": 14338
      },
      {
        "type": "Hex High Entropy String",
        "filename": "legacy/Xcompta-main/monster/src/assets/libs/d3/dist/d3.js",
        "hashed_secret": "856c0cb401bcf396a8c6db74b5409b86c6c9d2b4",
        "is_verified": false,
        "line_number": 14339
      },
      {
        "type": "Hex High Entropy String",
        "filename": "legacy/Xcompta-main/monster/src/assets/libs/d3/dist/d3.js",
        "hashed_secret": "20c2cb9237604cdf52c08027dba54fc6128ad69f",
        "is_verified": false,
        "line_number": 14346
      },
      {
        "type": "Hex High Entropy String",
        "filename": "legacy/Xcompta-main/monster/src/assets/libs/d3/dist/d3.js",
        "hashed_secret": "c3b7dd4d32bb3bb6d677a608bd1e2327ad05c0fc",
        "is_verified": false,
        "line_number": 14347
      },
      {
        "type": "Hex High Entropy String",
        "filename": "legacy/Xcompta-main/monster/src/assets/libs/d3/dist/d3.js",
        "hashed_secret": "5867c91c692fc12479ab904f3f87017f76a1550f",
        "is_verified": false,
        "line_number": 14348
      },
      {
        "type": "Hex High Entropy String",
        "filename": "legacy/Xcompta-main/monster/src/assets/libs/d3/dist/d3.js",
        "hashed_secret": "46ff889119b9188a7ba84f340a38d89883be6a65",
        "is_verified": false,
        "line_number": 14349
      },
      {
        "type": "Hex High Entropy String",
        "filename": "legacy/Xcompta-main/monster/src/assets/libs/d3/dist/d3.js",
        "hashed_secret": "a3fe14feb3971813a9a5e30972326164cfa292d7",
        "is_verified": false,
        "line_number": 14350
      },
      {
        "type": "Hex High Entropy String",
        "filename": "legacy/Xcompta-main/monster/src/assets/libs/d3/dist/d3.js",
        "hashed_secret": "ff811fe23f85e13980baeae3e37f0c2146454e55",
        "is_verified": false,
        "line_number": 14351
      },
      {
        "type": "Hex High Entropy String",
        "filename": "legacy/Xcompta-main/monster/src/assets/libs/d3/dist/d3.js",
        "hashed_secret": "91bf7499ac7f16394a22c55ecccdf68c455a77c5",
        "is_verified": false,
        "line_number": 14352
      },
      {
        "type": "Hex High Entropy String",
        "filename": "legacy/Xcompta-main/monster/src/assets/libs/d3/dist/d3.js",
        "hashed_secret": "cf92295af8371af1177704259eb4fb4c8d3ceff5",
        "is_verified": false,
        "line_number": 14353
      },
      {
        "type": "Hex High Entropy String",
        "filename": "legacy/Xcompta-main/monster/src/assets/libs/d3/dist/d3.js",
        "hashed_secret": "6848e2a2cc7a85beab02f89255e79e2f55b5f5a4",
        "is_verified": false,
        "line_number": 14360
      },
      {
        "type": "Hex High Entropy String",
        "filename": "legacy/Xcompta-main/monster/src/assets/libs/d3/dist/d3.js",
        "hashed_secret": "dc5e997d91983d9640b3e21d83a78c3f0ff3ee78",
        "is_verified": false,
        "line_number": 14361
      },
      {
        "type": "Hex High Entropy String",
        "filename": "legacy/Xcompta-main/monster/src/assets/libs/d3/dist/d3.js",
        "hashed_secret": "f3d822bac19b390b3499c9670d939a4eaac167c2",
        "is_verified": false,
        "line_number": 14362
      },
      {
        "type": "Hex High Entropy String",
        "filename": "legacy/Xcompta-main/monster/src/assets/libs/d3/dist/d3.js",
        "hashed_secret": "f8c386d4b56c87b8ef68e4527e1f6c769f7dba02",
        "is_verified": false,
        "line_number": 14363
      },
      {
        "type": "Hex High Entropy String",
        "filename": "legacy/Xcompta-main/monster/src/assets/libs/d3/dist/d3.js",
        "hashed_secret": "801c2a5f2b147626512ff986be2c7edfbbb4fe1d",
        "is_verified": false,
        "line_number": 14364
      },
      {
        "type": "Hex High Entropy String",
        "filename": "legacy/Xcompta-main/monster/src/assets/libs/d3/dist/d3.js",
        "hashed_secret": "ec204715a8ed5e717806d6ed42756a969e823fe5",
        "is_verified": false,
        "line_number": 14365
      },
      {
        "type": "Hex High Entropy String",
        "filename": "legacy/Xcompta-main/monster/src/assets/libs/d3/dist/d3.js",
        "hashed_secret": "16f17d3a92b54685cb3782ba48986d22759371cc",
        "is_verified": false,
        "line_number": 14366
      },
      {
        "type": "Hex High Entropy String",
        "filename": "legacy/Xcompta-main/monster/src/assets/libs/d3/dist/d3.js",
        "hashed_secret": "68aeb6bb59fe3a49ca97c9b46da92998512a0a0a",
        "is_verified": false,
        "line_number": 14367
      },
      {
        "type": "Hex High Entropy String",
        "filename": "legacy/Xcompta-main/monster/src/assets/libs/d3/dist/d3.js",
        "hashed_secret": "75e0e1108a29b751a358f7e448b2f93a4fe53f26",
        "is_verified": false,
        "line_number": 14374
      },
      {
        "type": "Hex High Entropy String",
        "filename": "legacy/Xcompta-main/monster/src/assets/libs/d3/dist/d3.js",
        "hashed_secret": "b4fb15c5d9ded448e899cd7a22f62e5b50f548c0",
        "is_verified": false,
        "line_number": 14375
      },
      {
        "type": "Hex High Entropy String",
        "filename": "legacy/Xcompta-main/monster/src/assets/libs/d3/dist/d3.js",
        "hashed_secret": "6a85792720a2b59dfe561d01c186a32d17e53948",
        "is_verified": false,
        "line_number": 14376
      },
      {
        "type": "Hex High Entropy String",
        "filename": "legacy/Xcompta-main/monster/src/assets/libs/d3/dist/d3.js",
        "hashed_secret": "60417b7d66ed0dd752d08dd3effa4848a42eae9c",
        "is_verified": false,
        "line_number": 14377
      },
      {
        "type": "Hex High Entropy String",
        "filename": "legacy/Xcompta-main/monster/src/assets/libs/d3/dist/d3.js",
        "hashed_secret": "d5ce28368d4352bbe11b830fdfd905252c3fdb9b",
        "is_verified": false,
        "line_number": 14378
      },
      {
        "type": "Hex High Entropy String",
        "filename": "legacy/Xcompta-main/monster/src/assets/libs/d3/dist/d3.js",
        "hashed_secret": "676bf61bf24d063d1150f953c6acd9bb46561986",
        "is_verified": false,
        "line_number": 14379
      },
      {
        "type": "Hex High Entropy String",
        "filename": "legacy/Xcompta-main/monster/src/assets/libs/d3/dist/d3.js",
        "hashed_secret": "ba7a056028088f58557b2602a780968f24e2e304",
        "is_verified": false,
        "line_number": 14385
      },
      {
        "type": "Hex High Entropy String",
        "filename": "legacy/Xcompta-main/monster/src/assets/libs/d3/dist/d3.js",
        "hashed_secret": "9131f0cf59f12da98a7f55148e2faad915b4dd78",
        "is_verified": false,
        "line_number": 14386
      },
      {
        "type": "Hex High Entropy String",
        "filename": "legacy/Xcompta-main/monster/src/assets/libs/d3/dist/d3.js",
        "hashed_secret": "91f98e50e15bc3a3416d6fb8a8afbe4bb0720ac6",
        "is_verified": false,
        "line_number": 14387
      },
      {
        "type": "Hex High Entropy String",
        "filename": "legacy/Xcompta-main/monster/src/assets/libs/d3/dist/d3.js",
        "hashed_secret": "b821f80a7e79e6a5b1cca1e53287695c0161efb2",
        "is_verified": false,
        "line_number": 14388
      },
      {
        "type": "Hex High Entropy String",
        "filename": "legacy/Xcompta-main/monster/src/assets/libs/d3/dist/d3.js",
        "hashed_secret": "519bed939288a72cf9db42cd626b7b3dfe0a5efe",
        "is_verified": false,
        "line_number": 14389
      },
      {
        "type": "Hex High Entropy String",
        "filename": "legacy/Xcompta-main/monster/src/assets/libs/d3/dist/d3.js",
        "hashed_secret": "2a2de48035e94d3adbd6869fe16e1c4a2ee0b458",
        "is_verified": false,
        "line_number": 14390
      },
      {
        "type": "Hex High Entropy String",
        "filename": "legacy/Xcompta-main/monster/src/assets/libs/d3/dist/d3.js",
        "hashed_secret": "d426c59dc4ca319d8f1ecc2a2633f1cf588cffaf",
        "is_verified": false,
        "line_number": 14391
      },
      {
        "type": "Hex High Entropy String",
        "filename": "legacy/Xcompta-main/monster/src/assets/libs/d3/dist/d3.js",
        "hashed_secret": "17552704c70caf6c3d4953a77e1f7784c1eeaae3",
        "is_verified": false,
        "line_number": 14397
      },
      {
        "type": "Hex High Entropy String",
        "filename": "legacy/Xcompta-main/monster/src/assets/libs/d3/dist/d3.js",
        "hashed_secret": "f39e9a32c45da46c23399618d28bad40a9c360b7",
        "is_verified": false,
        "line_number": 14398
      },
      {
        "type": "Hex High Entropy String",
        "filename": "legacy/Xcompta-main/monster/src/assets/libs/d3/dist/d3.js",
        "hashed_secret": "f636e2afdb4a96eb0cf1dc96f0a252230e6778a5",
        "is_verified": false,
        "line_number": 14399
      },
      {
        "type": "Hex High Entropy String",
        "filename": "legacy/Xcompta-main/monster/src/assets/libs/d3/dist/d3.js",
        "hashed_secret": "5555d7e3d9aed7fc4a6f2ad6701055e13f567eca",
        "is_verified": false,
        "line_number": 14400
      },
      {
        "type": "Hex High Entropy String",
        "filename": "legacy/Xcompta-main/monster/src/assets/libs/d3/dist/d3.js",
        "hashed_secret": "e5022023bbfcc703661e78432e4ddc0b27eeef62",
        "is_verified": false,
        "line_number": 14401
      },
      {
        "type": "Hex High Entropy String",
        "filename": "legacy/Xcompta-main/monster/src/assets/libs/d3/dist/d3.js",
        "hashed_secret": "fd5e33d17b8fd268351e3d1eb47c20187997e8e9",
        "is_verified": false,
        "line_number": 14402
      },
      {
        "type": "Hex High Entropy String",
        "filename": "legacy/Xcompta-main/monster/src/assets/libs/d3/dist/d3.js",
        "hashed_secret": "84d063b8b4bfad37fb39315d40bbf5af52955eda",
        "is_verified": false,
        "line_number": 14403
      },
      {
        "type": "Hex High Entropy String",
        "filename": "legacy/Xcompta-main/monster/src/assets/libs/d3/dist/d3.js",
        "hashed_secret": "fa921fd526e96ff82f663d844ec087733da325c5",
        "is_verified": false,
        "line_number": 14409
      },
      {
        "type": "Hex High Entropy String",
        "filename": "legacy/Xcompta-main/monster/src/assets/libs/d3/dist/d3.js",
        "hashed_secret": "a676a2a77fda5870f999a38ca96ad4d8fd91827a",
        "is_verified": false,
        "line_number": 14410
      },
      {
        "type": "Hex High Entropy String",
        "filename": "legacy/Xcompta-main/monster/src/assets/libs/d3/dist/d3.js",
        "hashed_secret": "9e5b802afbc0db102ad0e3c66ad4e3c41389322f",
        "is_verified": false,
        "line_number": 14411
      },
      {
        "type": "Hex High Entropy String",
        "filename": "legacy/Xcompta-main/monster/src/assets/libs/d3/dist/d3.js",
        "hashed_secret": "4f3df3d53feda851bd9fc2d68024113a5908b892",
        "is_verified": false,
        "line_number": 14412
      },
      {
        "type": "Hex High Entropy String",
        "filename": "legacy/Xcompta-main/monster/src/assets/libs/d3/dist/d3.js",
        "hashed_secret": "137b47ef5a17dafbee1d086a72dcc89987d1e79f",
        "is_verified": false,
        "line_number": 14413
      },
      {
        "type": "Hex High Entropy String",
        "filename": "legacy/Xcompta-main/monster/src/assets/libs/d3/dist/d3.js",
        "hashed_secret": "c03f29408f04fe356bde90d1aeeb2af497796826",
        "is_verified": false,
        "line_number": 14414
      },
      {
        "type": "Hex High Entropy String",
        "filename": "legacy/Xcompta-main/monster/src/assets/libs/d3/dist/d3.js",
        "hashed_secret": "4e010ea0fe7cc5cd23aea30239595b776f9fefbb",
        "is_verified": false,
        "line_number": 14415
      },
      {
        "type": "Hex High Entropy String",
        "filename": "legacy/Xcompta-main/monster/src/assets/libs/d3/dist/d3.js",
        "hashed_secret": "b50a23f31f930ff17b4c8f4f1cdc2df1e2dcdd28",
        "is_verified": false,
        "line_number": 14421
      },
      {
        "type": "Hex High Entropy String",
        "filename": "legacy/Xcompta-main/monster/src/assets/libs/d3/dist/d3.js",
        "hashed_secret": "19cb9c09e7006ee0cdc360c55b4625a1199b72b9",
        "is_verified": false,
        "line_number": 14422
      },
      {
        "type": "Hex High Entropy String",
        "filename": "legacy/Xcompta-main/monster/src/assets/libs/d3/dist/d3.js",
        "hashed_secret": "74f540a96e75e9ab84e512b6f6e968c1ec2f9737",
        "is_verified": false,
        "line_number": 14423
      },
      {
        "type": "Hex High Entropy String",
        "filename": "legacy/Xcompta-main/monster/src/assets/libs/d3/dist/d3.js",
        "hashed_secret": "8a5fd02905cd08a8b1d1cc6751e3b8e6e9f7aa7e",
        "is_verified": false,
        "line_number": 14424
      },
      {
        "type": "Hex High Entropy String",
        "filename": "legacy/Xcompta-main/monster/src/assets/libs/d3/dist/d3.js",
        "hashed_secret": "7ce63013655703210c9484ba90a5d6bc815a8d66",
        "is_verified": false,
        "line_number": 14425
      },
      {
        "type": "Hex High Entropy String",
        "filename": "legacy/Xcompta-main/monster/src/assets/libs/d3/dist/d3.js",
        "hashed_secret": "e7153ba2a94435a5ba0b1f84a69890e31199f056",
        "is_verified": false,
        "line_number": 14426
      },
      {
        "type": "Hex High Entropy String",
        "filename": "legacy/Xcompta-main/monster/src/assets/libs/d3/dist/d3.js",
        "hashed_secret": "24703c173e6a859be91be8efe12d131329f07fe5",
        "is_verified": false,
        "line_number": 14427
      },
      {
        "type": "Hex High Entropy String",
        "filename": "legacy/Xcompta-main/monster/src/assets/libs/d3/dist/d3.js",
        "hashed_secret": "ce62c2b3c1275c938c24cefdec12ae9cbda23678",
        "is_verified": false,
        "line_number": 14433
      },
      {
        "type": "Hex High Entropy String",
        "filename": "legacy/Xcompta-main/monster/src/assets/libs/d3/dist/d3.js",
        "hashed_secret": "44f8a32e5fc30fa0a9bad87571ce70264bc95503",
        "is_verified": false,
        "line_number": 14434
      },
      {
        "type": "Hex High Entropy String",
        "filename": "legacy/Xcompta-main/monster/src/assets/libs/d3/dist/d3.js",
        "hashed_secret": "25271ff6d049a89032be6ecb9bc43666c9560713",
        "is_verified": false,
        "line_number": 14435
      },
      {
        "type": "Hex High Entropy String",
        "filename": "legacy/Xcompta-main/monster/src/assets/libs/d3/dist/d3.js",
        "hashed_secret": "aa096027c969906daebbfeb2d5c3f9e8f300bf8d",
        "is_verified": false,
        "line_number": 14436
      },
      {
        "type": "Hex High Entropy String",
        "filename": "legacy/Xcompta-main/monster/src/assets/libs/d3/dist/d3.js",
        "hashed_secret": "77d9acc36a6bd296caa24207b66d12c01b3fd9ae",
        "is_verified": false,
        "line_number": 14437
      },
      {
        "type": "Hex High Entropy String",
        "filename": "legacy/Xcompta-main/monster/src/assets/libs/d3/dist/d3.js",
        "hashed_secret": "8932f0b17027720b94c816b721bc20fa670fa89a",
        "is_verified": false,
        "line_number": 14438
      },
      {
        "type": "Hex High Entropy String",
        "filename": "legacy/Xcompta-main/monster/src/assets/libs/d3/dist/d3.js",
        "hashed_secret": "2fd15336d3ed55b621cb89ed77f20d0903c87235",
        "is_verified": false,
        "line_number": 14439
      },
      {
        "type": "Hex High Entropy String",
        "filename": "legacy/Xcompta-main/monster/src/assets/libs/d3/dist/d3.js",
        "hashed_secret": "dd143a913caeb3889e91f1be6b633637075b476c",
        "is_verified": false,
        "line_number": 14446
      },
      {
        "type": "Hex High Entropy String",
        "filename": "legacy/Xcompta-main/monster/src/assets/libs/d3/dist/d3.js",
        "hashed_secret": "fcbc10d3a08fe17a25321109cf31bb4d77956f06",
        "is_verified": false,
        "line_number": 14447
      },
      {
        "type": "Hex High Entropy String",
        "filename": "legacy/Xcompta-main/monster/src/assets/libs/d3/dist/d3.js",
        "hashed_secret": "3ef22615f58a8f42010a9e214ce3ab7ed01cb36d",
        "is_verified": false,
        "line_number": 14448
      },
      {
        "type": "Hex High Entropy String",
        "filename": "legacy/Xcompta-main/monster/src/assets/libs/d3/dist/d3.js",
        "hashed_secret": "094e335216f1fb309ea53a92057fcf431ba5fa4b",
        "is_verified": false,
        "line_number": 14449
      },
      {
        "type": "Hex High Entropy String",
        "filename": "legacy/Xcompta-main/monster/src/assets/libs/d3/dist/d3.js",
        "hashed_secret": "cfd9772b3305fce612d6cfbc5eedf82725d91a3d",
        "is_verified": false,
        "line_number": 14450
      },
      {
        "type": "Hex High Entropy String",
        "filename": "legacy/Xcompta-main/monster/src/assets/libs/d3/dist/d3.js",
        "hashed_secret": "a45da0f36a2a96e10256bdf7d4cd0416e9278c1e",
        "is_verified": false,
        "line_number": 14451
      },
      {
        "type": "Hex High Entropy String",
        "filename": "legacy/Xcompta-main/monster/src/assets/libs/d3/dist/d3.js",
        "hashed_secret": "58e19e643b3aee2764feac11daa194bf31a1db2d",
        "is_verified": false,
        "line_number": 14457
      },
      {
        "type": "Hex High Entropy String",
        "filename": "legacy/Xcompta-main/monster/src/assets/libs/d3/dist/d3.js",
        "hashed_secret": "4f1dd20816d9115b795e042b2d6eed31c5bcbe83",
        "is_verified": false,
        "line_number": 14458
      },
      {
        "type": "Hex High Entropy String",
        "filename": "legacy/Xcompta-main/monster/src/assets/libs/d3/dist/d3.js",
        "hashed_secret": "f8bb808404a61761845c888b582e446f9a3a5948",
        "is_verified": false,
        "line_number": 14459
      },
      {
        "type": "Hex High Entropy String",
        "filename": "legacy/Xcompta-main/monster/src/assets/libs/d3/dist/d3.js",
        "hashed_secret": "06dd05580af8a2952bdede0ae988f5a2a7fb4f39",
        "is_verified": false,
        "line_number": 14460
      },
      {
        "type": "Hex High Entropy String",
        "filename": "legacy/Xcompta-main/monster/src/assets/libs/d3/dist/d3.js",
        "hashed_secret": "d6b3d7e0a7f97218249c125747309671b87cff0f",
        "is_verified": false,
        "line_number": 14461
      },
      {
        "type": "Hex High Entropy String",
        "filename": "legacy/Xcompta-main/monster/src/assets/libs/d3/dist/d3.js",
        "hashed_secret": "e0e04575cbbb602a128a202838d6fd550920b27c",
        "is_verified": false,
        "line_number": 14462
      },
      {
        "type": "Hex High Entropy String",
        "filename": "legacy/Xcompta-main/monster/src/assets/libs/d3/dist/d3.js",
        "hashed_secret": "ee4c8c0a98c0bb4902050a178ac2d7bcac7d1d7f",
        "is_verified": false,
        "line_number": 14463
      },
      {
        "type": "Hex High Entropy String",
        "filename": "legacy/Xcompta-main/monster/src/assets/libs/d3/dist/d3.js",
        "hashed_secret": "f6d618729ff2036c3667bd0a5132d248c11168bf",
        "is_verified": false,
        "line_number": 14469
      },
      {
        "type": "Hex High Entropy String",
        "filename": "legacy/Xcompta-main/monster/src/assets/libs/d3/dist/d3.js",
        "hashed_secret": "e1f8501cbc2b1daef351976b6ce8f28d930f8b3b",
        "is_verified": false,
        "line_number": 14470
      },
      {
        "type": "Hex High Entropy String",
        "filename": "legacy/Xcompta-main/monster/src/assets/libs/d3/dist/d3.js",
        "hashed_secret": "a38dfe79f65df6e8661a882d15a710b56ef04e2c",
        "is_verified": false,
        "line_number": 14471
      },
      {
        "type": "Hex High Entropy String",
        "filename": "legacy/Xcompta-main/monster/src/assets/libs/d3/dist/d3.js",
        "hashed_secret": "55a9895abf56cedafa3f288913e509ea173008a9",
        "is_verified": false,
        "line_number": 14472
      },
      {
        "type": "Hex High Entropy String",
        "filename": "legacy/Xcompta-main/monster/src/assets/libs/d3/dist/d3.js",
        "hashed_secret": "bd754f632928cf9a6225b61513ea01441ca22d90",
        "is_verified": false,
        "line_number": 14473
      },
      {
        "type": "Hex High Entropy String",
        "filename": "legacy/Xcompta-main/monster/src/assets/libs/d3/dist/d3.js",
        "hashed_secret": "1b03a09d411c0bd983c67d460e8918e1d33eb958",
        "is_verified": false,
        "line_number": 14474
      },
      {
        "type": "Hex High Entropy String",
        "filename": "legacy/Xcompta-main/monster/src/assets/libs/d3/dist/d3.js",
        "hashed_secret": "fe686551be16c9c3eba03634795b41637038794b",
        "is_verified": false,
        "line_number": 14475
      },
      {
        "type": "Hex High Entropy String",
        "filename": "legacy/Xcompta-main/monster/src/assets/libs/d3/dist/d3.js",
        "hashed_secret": "b5fef5c159147415535d4858aa385068bc2eed0e",
        "is_verified": false,
        "line_number": 14481
      },
      {
        "type": "Hex High Entropy String",
        "filename": "legacy/Xcompta-main/monster/src/assets/libs/d3/dist/d3.js",
        "hashed_secret": "85ec4f2b08dc4fa7d0a8aef2f594ab6c7cce6a89",
        "is_verified": false,
        "line_number": 14482
      },
      {
        "type": "Hex High Entropy String",
        "filename": "legacy/Xcompta-main/monster/src/assets/libs/d3/dist/d3.js",
        "hashed_secret": "dcf0b4d8f13a8658a55d5a7d0bc09f56888729e1",
        "is_verified": false,
        "line_number": 14483
      },
      {
        "type": "Hex High Entropy String",
        "filename": "legacy/Xcompta-main/monster/src/assets/libs/d3/dist/d3.js",
        "hashed_secret": "74e6abd594ceeab8e8c7d95fd52dbb22c6a89768",
        "is_verified": false,
        "line_number": 14484
      },
      {
        "type": "Hex High Entropy String",
        "filename": "legacy/Xcompta-main/monster/src/assets/libs/d3/dist/d3.js",
        "hashed_secret": "aaf41fd80a5b95c1608adf6ed8c379901a2c5c5b",
        "is_verified": false,
        "line_number": 14485
      },
      {
        "type": "Hex High Entropy String",
        "filename": "legacy/Xcompta-main/monster/src/assets/libs/d3/dist/d3.js",
        "hashed_secret": "0c5853cd5579342ba9e76667408b234fd883e4ee",
        "is_verified": false,
        "line_number": 14486
      },
      {
        "type": "Hex High Entropy String",
        "filename": "legacy/Xcompta-main/monster/src/assets/libs/d3/dist/d3.js",
        "hashed_secret": "cce0c01f3af17f3cf5811464375341869556fc99",
        "is_verified": false,
        "line_number": 14487
      },
      {
        "type": "Hex High Entropy String",
        "filename": "legacy/Xcompta-main/monster/src/assets/libs/d3/dist/d3.js",
        "hashed_secret": "5fbaf6effd649f53b3243a8c10f2f8ef97597f6d",
        "is_verified": false,
        "line_number": 14496
      },
      {
        "type": "Hex High Entropy String",
        "filename": "legacy/Xcompta-main/monster/src/assets/libs/d3/dist/d3.js",
        "hashed_secret": "7225269b5362b44603f6f81e29a8dc42494fd63d",
        "is_verified": false,
        "line_number": 14497
      },
      {
        "type": "Hex High Entropy String",
        "filename": "legacy/Xcompta-main/monster/src/assets/libs/d3/dist/d3.js",
        "hashed_secret": "53dbfddc0ff4d36c093806460b292962e1dc08bf",
        "is_verified": false,
        "line_number": 14498
      },
      {
        "type": "Hex High Entropy String",
        "filename": "legacy/Xcompta-main/monster/src/assets/libs/d3/dist/d3.js",
        "hashed_secret": "268fda0f5c09ca9e361c047c3a23db85f39dd5c3",
        "is_verified": false,
        "line_number": 14499
      },
      {
        "type": "Hex High Entropy String",
        "filename": "legacy/Xcompta-main/monster/src/assets/libs/d3/dist/d3.js",
        "hashed_secret": "f08200ea97cd5fdcc77113dbead01339b9a885f6",
        "is_verified": false,
        "line_number": 14505
      },
      {
        "type": "Hex High Entropy String",
        "filename": "legacy/Xcompta-main/monster/src/assets/libs/d3/dist/d3.js",
        "hashed_secret": "697e8217312d161df06db2f3018a154e75d64871",
        "is_verified": false,
        "line_number": 14506
      },
      {
        "type": "Hex High Entropy String",
        "filename": "legacy/Xcompta-main/monster/src/assets/libs/d3/dist/d3.js",
        "hashed_secret": "10a999713f4a18577ad99229a369d669561e751d",
        "is_verified": false,
        "line_number": 14507
      },
      {
        "type": "Hex High Entropy String",
        "filename": "legacy/Xcompta-main/monster/src/assets/libs/d3/dist/d3.js",
        "hashed_secret": "550c2d2464222ba5fd2c02184ebb9de0024a2a23",
        "is_verified": false,
        "line_number": 14508
      },
      {
        "type": "Hex High Entropy String",
        "filename": "legacy/Xcompta-main/monster/src/assets/libs/d3/dist/d3.js",
        "hashed_secret": "5cf8310f168b00e64cdf9b7fab5fbfa5bf3efa28",
        "is_verified": false,
        "line_number": 14509
      },
      {
        "type": "Hex High Entropy String",
        "filename": "legacy/Xcompta-main/monster/src/assets/libs/d3/dist/d3.js",
        "hashed_secret": "6ba29ec629e86216a156f2295a22a07658e99e5f",
        "is_verified": false,
        "line_number": 14510
      },
      {
        "type": "Hex High Entropy String",
        "filename": "legacy/Xcompta-main/monster/src/assets/libs/d3/dist/d3.js",
        "hashed_secret": "e2fa12f055b9832acb7054f9af167237ca986cbd",
        "is_verified": false,
        "line_number": 14511
      },
      {
        "type": "Hex High Entropy String",
        "filename": "legacy/Xcompta-main/monster/src/assets/libs/d3/dist/d3.js",
        "hashed_secret": "55315f1fc512cd87b53bbfc7aa6702164d326a90",
        "is_verified": false,
        "line_number": 14517
      },
      {
        "type": "Hex High Entropy String",
        "filename": "legacy/Xcompta-main/monster/src/assets/libs/d3/dist/d3.js",
        "hashed_secret": "3ced93486c7850c7dfa9603de42d5b71a84579f5",
        "is_verified": false,
        "line_number": 14518
      },
      {
        "type": "Hex High Entropy String",
        "filename": "legacy/Xcompta-main/monster/src/assets/libs/d3/dist/d3.js",
        "hashed_secret": "02efb92f0acc8db523c7e9b8a38f66304a038dcd",
        "is_verified": false,
        "line_number": 14519
      },
      {
        "type": "Hex High Entropy String",
        "filename": "legacy/Xcompta-main/monster/src/assets/libs/d3/dist/d3.js",
        "hashed_secret": "32220716a47f57d6294b3715c3ccc1b56ca17cd5",
        "is_verified": false,
        "line_number": 14520
      },
      {
        "type": "Hex High Entropy String",
        "filename": "legacy/Xcompta-main/monster/src/assets/libs/d3/dist/d3.js",
        "hashed_secret": "6dfc0a8cb4ff88f018a6b8b561ff547ffdefceb7",
        "is_verified": false,
        "line_number": 14521
      },
      {
        "type": "Hex High Entropy String",
        "filename": "legacy/Xcompta-main/monster/src/assets/libs/d3/dist/d3.js",
        "hashed_secret": "a933a54b62cd67a61f97ab5c5f6629430605ef4f",
        "is_verified": false,
        "line_number": 14522
      },
      {
        "type": "Hex High Entropy String",
        "filename": "legacy/Xcompta-main/monster/src/assets/libs/d3/dist/d3.js",
        "hashed_secret": "aef7366d93f4e8d646968386c4b38df5b54b95f3",
        "is_verified": false,
        "line_number": 14523
      },
      {
        "type": "Hex High Entropy String",
        "filename": "legacy/Xcompta-main/monster/src/assets/libs/d3/dist/d3.js",
        "hashed_secret": "8a57ee1e954511c1753dd2266ce5db7f3b91bbb2",
        "is_verified": false,
        "line_number": 14529
      },
      {
        "type": "Hex High Entropy String",
        "filename": "legacy/Xcompta-main/monster/src/assets/libs/d3/dist/d3.js",
        "hashed_secret": "1e33f15430da426947e8b60504e390ad65cc8079",
        "is_verified": false,
        "line_number": 14530
      },
      {
        "type": "Hex High Entropy String",
        "filename": "legacy/Xcompta-main/monster/src/assets/libs/d3/dist/d3.js",
        "hashed_secret": "cd03440e97af55697914444e5891cd1d1c736874",
        "is_verified": false,
        "line_number": 14531
      },
      {
        "type": "Hex High Entropy String",
        "filename": "legacy/Xcompta-main/monster/src/assets/libs/d3/dist/d3.js",
        "hashed_secret": "951ffe83bf1c3a9b11a8e94079dcd8dc8b43a628",
        "is_verified": false,
        "line_number": 14532
      },
      {
        "type": "Hex High Entropy String",
        "filename": "legacy/Xcompta-main/monster/src/assets/libs/d3/dist/d3.js",
        "hashed_secret": "010ee250868c6ff616ec04de5c6167a7679af561",
        "is_verified": false,
        "line_number": 14533
      },
      {
        "type": "Hex High Entropy String",
        "filename": "legacy/Xcompta-main/monster/src/assets/libs/d3/dist/d3.js",
        "hashed_secret": "80ad951f3a1d5b03ef41cd47ded13086dfdb3858",
        "is_verified": false,
        "line_number": 14534
      },
      {
        "type": "Hex High Entropy String",
        "filename": "legacy/Xcompta-main/monster/src/assets/libs/d3/dist/d3.js",
        "hashed_secret": "15c89c755ff22b879c7343e3a20e63c959ec80cd",
        "is_verified": false,
        "line_number": 14535
      },
      {
        "type": "Hex High Entropy String",
        "filename": "legacy/Xcompta-main/monster/src/assets/libs/d3/dist/d3.js",
        "hashed_secret": "94c03460d08f688e4b111228277bdae9c93ae1c2",
        "is_verified": false,
        "line_number": 14544
      },
      {
        "type": "Hex High Entropy String",
        "filename": "legacy/Xcompta-main/monster/src/assets/libs/d3/dist/d3.js",
        "hashed_secret": "6a4e9b8a78675a984aa7c8a4c4c2a86a33f06899",
        "is_verified": false,
        "line_number": 14545
      },
      {
        "type": "Hex High Entropy String",
        "filename": "legacy/Xcompta-main/monster/src/assets/libs/d3/dist/d3.js",
        "hashed_secret": "087e742b6213eb20ec0c9ba1188e241759e84f46",
        "is_verified": false,
        "line_number": 14546
      },
      {
        "type": "Hex High Entropy String",
        "filename": "legacy/Xcompta-main/monster/src/assets/libs/d3/dist/d3.js",
        "hashed_secret": "b3956c18063afaa955f84befa5d032cdd236d4bf",
        "is_verified": false,
        "line_number": 14547
      },
      {
        "type": "Hex High Entropy String",
        "filename": "legacy/Xcompta-main/monster/src/assets/libs/d3/dist/d3.js",
        "hashed_secret": "43ba6b4a9912f46b307c422a9e035310ad41b85c",
        "is_verified": false,
        "line_number": 14553
      },
      {
        "type": "Hex High Entropy String",
        "filename": "legacy/Xcompta-main/monster/src/assets/libs/d3/dist/d3.js",
        "hashed_secret": "bb454f243ac10f8491f5b8c350c0d3e3db9b9d0f",
        "is_verified": false,
        "line_number": 14554
      },
      {
        "type": "Hex High Entropy String",
        "filename": "legacy/Xcompta-main/monster/src/assets/libs/d3/dist/d3.js",
        "hashed_secret": "a35af7b4b45c6a57e7ba0d39ed75d113eb17d42c",
        "is_verified": false,
        "line_number": 14555
      },
      {
        "type": "Hex High Entropy String",
        "filename": "legacy/Xcompta-main/monster/src/assets/libs/d3/dist/d3.js",
        "hashed_secret": "6ed4fc3583c2bf32a2562727e736040959507f83",
        "is_verified": false,
        "line_number": 14556
      },
      {
        "type": "Hex High Entropy String",
        "filename": "legacy/Xcompta-main/monster/src/assets/libs/d3/dist/d3.js",
        "hashed_secret": "ced08240a74dc246249f2d9e33d43240916e9001",
        "is_verified": false,
        "line_number": 14557
      },
      {
        "type": "Hex High Entropy String",
        "filename": "legacy/Xcompta-main/monster/src/assets/libs/d3/dist/d3.js",
        "hashed_secret": "dd7fd3a1166d872d742222ff68ae1c8bcc942f9a",
        "is_verified": false,
        "line_number": 14558
      },
      {
        "type": "Hex High Entropy String",
        "filename": "legacy/Xcompta-main/monster/src/assets/libs/d3/dist/d3.js",
        "hashed_secret": "61b665d95afff554c3df4733c2b2eabbbde94bb7",
        "is_verified": false,
        "line_number": 14559
      },
      {
        "type": "Hex High Entropy String",
        "filename": "legacy/Xcompta-main/monster/src/assets/libs/d3/dist/d3.js",
        "hashed_secret": "7b547034e5d159d5b8e22f1452379332a46322da",
        "is_verified": false,
        "line_number": 14566
      },
      {
        "type": "Hex High Entropy String",
        "filename": "legacy/Xcompta-main/monster/src/assets/libs/d3/dist/d3.js",
        "hashed_secret": "55c18cb55f7f0e00459f69c72f9ce89f870e4b1e",
        "is_verified": false,
        "line_number": 14567
      },
      {
        "type": "Hex High Entropy String",
        "filename": "legacy/Xcompta-main/monster/src/assets/libs/d3/dist/d3.js",
        "hashed_secret": "b02e3394ad066076f30004e5c487958c18e7cec5",
        "is_verified": false,
        "line_number": 14568
      },
      {
        "type": "Hex High Entropy String",
        "filename": "legacy/Xcompta-main/monster/src/assets/libs/d3/dist/d3.js",
        "hashed_secret": "a4fc5ee0f219f5e4d74cc16732defccd7d4a4495",
        "is_verified": false,
        "line_number": 14569
      },
      {
        "type": "Hex High Entropy String",
        "filename": "legacy/Xcompta-main/monster/src/assets/libs/d3/dist/d3.js",
        "hashed_secret": "5af99bae6f22b58715898cb1c625987fd4f0a990",
        "is_verified": false,
        "line_number": 14570
      },
      {
        "type": "Hex High Entropy String",
        "filename": "legacy/Xcompta-main/monster/src/assets/libs/d3/dist/d3.js",
        "hashed_secret": "96cd4cc18aefe598a994d4afe28118349633b246",
        "is_verified": false,
        "line_number": 14571
      },
      {
        "type": "Hex High Entropy String",
        "filename": "legacy/Xcompta-main/monster/src/assets/libs/d3/dist/d3.js",
        "hashed_secret": "629339d709bfd8d846bbd5382cf0f0c3470ba467",
        "is_verified": false,
        "line_number": 14578
      },
      {
        "type": "Hex High Entropy String",
        "filename": "legacy/Xcompta-main/monster/src/assets/libs/d3/dist/d3.js",
        "hashed_secret": "3870fbab1b9e4e0e8dbf614139a543927f036c61",
        "is_verified": false,
        "line_number": 14579
      },
      {
        "type": "Hex High Entropy String",
        "filename": "legacy/Xcompta-main/monster/src/assets/libs/d3/dist/d3.js",
        "hashed_secret": "064dc46c9a5f90b7dfd17d29a4e1f27d5ff096b1",
        "is_verified": false,
        "line_number": 14580
      },
      {
        "type": "Hex High Entropy String",
        "filename": "legacy/Xcompta-main/monster/src/assets/libs/d3/dist/d3.js",
        "hashed_secret": "c18b95e4fc4707dab8074f165d04d2efeb82226d",
        "is_verified": false,
        "line_number": 14581
      },
      {
        "type": "Hex High Entropy String",
        "filename": "legacy/Xcompta-main/monster/src/assets/libs/d3/dist/d3.js",
        "hashed_secret": "a187e2b44a0097655e97464f70e9a4a891f29c48",
        "is_verified": false,
        "line_number": 14582
      },
      {
        "type": "Hex High Entropy String",
        "filename": "legacy/Xcompta-main/monster/src/assets/libs/d3/dist/d3.js",
        "hashed_secret": "64efe38743613013b1cdc143da92e8181d00b210",
        "is_verified": false,
        "line_number": 14583
      },
      {
        "type": "Hex High Entropy String",
        "filename": "legacy/Xcompta-main/monster/src/assets/libs/d3/dist/d3.js",
        "hashed_secret": "9f90f99082f46b7ed7f0c8a69d70a8cbb21f442f",
        "is_verified": false,
        "line_number": 14643
      },
      {
        "type": "Hex High Entropy String",
        "filename": "legacy/Xcompta-main/monster/src/assets/libs/d3/dist/d3.js",
        "hashed_secret": "78e141084e80ca8a32482ebe218758d767982ff6",
        "is_verified": false,
        "line_number": 14645
      },
      {
        "type": "Hex High Entropy String",
        "filename": "legacy/Xcompta-main/monster/src/assets/libs/d3/dist/d3.js",
        "hashed_secret": "59f901a43ebf4392e78e422a14e094a4f3188dde",
        "is_verified": false,
        "line_number": 14647
      },
      {
        "type": "Hex High Entropy String",
        "filename": "legacy/Xcompta-main/monster/src/assets/libs/d3/dist/d3.js",
        "hashed_secret": "987b9d9cb116b2c1cf6226a8c17d80b54a04a200",
        "is_verified": false,
        "line_number": 14649
      }
    ],
    "legacy/Xcompta-main/monster/src/assets/libs/datatables.net-bs4/package.json": [
      {
        "type": "Base64 High Entropy String",
        "filename": "legacy/Xcompta-main/monster/src/assets/libs/datatables.net-bs4/package.json",
        "hashed_secret": "40e2426fbb3d53410ada63a5e05e8ffe58104b3a",
        "is_verified": false,
        "line_number": 11
      }
    ],
    "legacy/Xcompta-main/monster/src/assets/libs/datatables/package.json": [
      {
        "type": "Base64 High Entropy String",
        "filename": "legacy/Xcompta-main/monster/src/assets/libs/datatables/package.json",
        "hashed_secret": "ed963cfe44e170b1d7ccfe998af9e8481572b6c2",
        "is_verified": false,
        "line_number": 5
      },
      {
        "type": "Hex High Entropy String",
        "filename": "legacy/Xcompta-main/monster/src/assets/libs/datatables/package.json",
        "hashed_secret": "5d7ec94b590f17c5de1131dcf4ef43caf038408d",
        "is_verified": false,
        "line_number": 22
      }
    ],
    "legacy/Xcompta-main/monster/src/assets/libs/daterangepicker/index.html": [
      {
        "type": "Base64 High Entropy String",
        "filename": "legacy/Xcompta-main/monster/src/assets/libs/daterangepicker/index.html",
        "hashed_secret": "43aa592dff052e8cc8ce9d73619ea4f094cc00f2",
        "is_verified": false,
        "line_number": 10
      },
      {
        "type": "Base64 High Entropy String",
        "filename": "legacy/Xcompta-main/monster/src/assets/libs/daterangepicker/index.html",
        "hashed_secret": "646659894c304a776d7656add7e9e2dedc097b89",
        "is_verified": false,
        "line_number": 11
      },
      {
        "type": "Base64 High Entropy String",
        "filename": "legacy/Xcompta-main/monster/src/assets/libs/daterangepicker/index.html",
        "hashed_secret": "6f3aef3039b5083cd6baa8cea35643d8a006dc22",
        "is_verified": false,
        "line_number": 12
      },
      {
        "type": "Base64 High Entropy String",
        "filename": "legacy/Xcompta-main/monster/src/assets/libs/daterangepicker/index.html",
        "hashed_secret": "b0027a5cb12069288f8e0c27169c4e859c55952f",
        "is_verified": false,
        "line_number": 20
      },
      {
        "type": "Base64 High Entropy String",
        "filename": "legacy/Xcompta-main/monster/src/assets/libs/daterangepicker/index.html",
        "hashed_secret": "f35b6945d93791bf6d91039fa2e0af5f940841f2",
        "is_verified": false,
        "line_number": 22
      },
      {
        "type": "Base64 High Entropy String",
        "filename": "legacy/Xcompta-main/monster/src/assets/libs/daterangepicker/index.html",
        "hashed_secret": "09676351154db9caf4b6d7695efe8d04b383c99f",
        "is_verified": false,
        "line_number": 27
      }
    ],
    "legacy/Xcompta-main/monster/src/assets/libs/daterangepicker/package.json": [
      {
        "type": "Base64 High Entropy String",
        "filename": "legacy/Xcompta-main/monster/src/assets/libs/daterangepicker/package.json",
        "hashed_secret": "ce6a43193470a5530c64ad56f979b071cb39c304",
        "is_verified": false,
        "line_number": 11
      }
    ],
    "legacy/Xcompta-main/monster/src/assets/libs/daterangepicker/website/index.html": [
      {
        "type": "Base64 High Entropy String",
        "filename": "legacy/Xcompta-main/monster/src/assets/libs/daterangepicker/website/index.html",
        "hashed_secret": "43aa592dff052e8cc8ce9d73619ea4f094cc00f2",
        "is_verified": false,
        "line_number": 10
      },
      {
        "type": "Base64 High Entropy String",
        "filename": "legacy/Xcompta-main/monster/src/assets/libs/daterangepicker/website/index.html",
        "hashed_secret": "646659894c304a776d7656add7e9e2dedc097b89",
        "is_verified": false,
        "line_number": 11
      },
      {
        "type": "Base64 High Entropy String",
        "filename": "legacy/Xcompta-main/monster/src/assets/libs/daterangepicker/website/index.html",
        "hashed_secret": "6f3aef3039b5083cd6baa8cea35643d8a006dc22",
        "is_verified": false,
        "line_number": 12
      },
      {
        "type": "Base64 High Entropy String",
        "filename": "legacy/Xcompta-main/monster/src/assets/libs/daterangepicker/website/index.html",
        "hashed_secret": "b0027a5cb12069288f8e0c27169c4e859c55952f",
        "is_verified": false,
        "line_number": 20
      },
      {
        "type": "Base64 High Entropy String",
        "filename": "legacy/Xcompta-main/monster/src/assets/libs/daterangepicker/website/index.html",
        "hashed_secret": "f35b6945d93791bf6d91039fa2e0af5f940841f2",
        "is_verified": false,
        "line_number": 22
      },
      {
        "type": "Base64 High Entropy String",
        "filename": "legacy/Xcompta-main/monster/src/assets/libs/daterangepicker/website/index.html",
        "hashed_secret": "09676351154db9caf4b6d7695efe8d04b383c99f",
        "is_verified": false,
        "line_number": 27
      }
    ],
    "legacy/Xcompta-main/monster/src/assets/libs/dropzone/dist/dropzone-amd-module.js": [
      {
        "type": "Base64 High Entropy String",
        "filename": "legacy/Xcompta-main/monster/src/assets/libs/dropzone/dist/dropzone-amd-module.js",
        "hashed_secret": "1d278d3c888d1a2fa7eed622bfc02927ce4049af",
        "is_verified": false,
        "line_number": 3310
      }
    ],
    "legacy/Xcompta-main/monster/src/assets/libs/dropzone/dist/dropzone.js": [
      {
        "type": "Base64 High Entropy String",
        "filename": "legacy/Xcompta-main/monster/src/assets/libs/dropzone/dist/dropzone.js",
        "hashed_secret": "1d278d3c888d1a2fa7eed622bfc02927ce4049af",
        "is_verified": false,
        "line_number": 3298
      }
    ],
    "legacy/Xcompta-main/monster/src/assets/libs/dropzone/dist/min/dropzone-amd-module.min.js": [
      {
        "type": "Base64 High Entropy String",
        "filename": "legacy/Xcompta-main/monster/src/assets/libs/dropzone/dist/min/dropzone-amd-module.min.js",
        "hashed_secret": "1d278d3c888d1a2fa7eed622bfc02927ce4049af",
        "is_verified": false,
        "line_number": 2
      }
    ],
    "legacy/Xcompta-main/monster/src/assets/libs/dropzone/dist/min/dropzone.min.js": [
      {
        "type": "Base64 High Entropy String",
        "filename": "legacy/Xcompta-main/monster/src/assets/libs/dropzone/dist/min/dropzone.min.js",
        "hashed_secret": "1d278d3c888d1a2fa7eed622bfc02927ce4049af",
        "is_verified": false,
        "line_number": 2
      }
    ],
    "legacy/Xcompta-main/monster/src/assets/libs/flot/package.json": [
      {
        "type": "Base64 High Entropy String",
        "filename": "legacy/Xcompta-main/monster/src/assets/libs/flot/package.json",
        "hashed_secret": "e3e35bad25d68b71d49173964ba265467ba55fc8",
        "is_verified": false,
        "line_number": 5
      },
      {
        "type": "Hex High Entropy String",
        "filename": "legacy/Xcompta-main/monster/src/assets/libs/flot/package.json",
        "hashed_secret": "b9fbcdbc0c4f370e9dca283a5773723a99a2beb4",
        "is_verified": false,
        "line_number": 22
      }
    ],
    "legacy/Xcompta-main/monster/src/assets/libs/gmaps/examples/fusion_tables.html": [
      {
        "type": "Base64 High Entropy String",
        "filename": "legacy/Xcompta-main/monster/src/assets/libs/gmaps/examples/fusion_tables.html",
        "hashed_secret": "e1d0ec723c1f859af7b808645bab94264a3219ec",
        "is_verified": false,
        "line_number": 24
      }
    ],
    "legacy/Xcompta-main/monster/src/assets/libs/gmaps/package.json": [
      {
        "type": "Base64 High Entropy String",
        "filename": "legacy/Xcompta-main/monster/src/assets/libs/gmaps/package.json",
        "hashed_secret": "b728ef55bd22980b18471739b22fb614567c92ea",
        "is_verified": false,
        "line_number": 11
      }
    ],
    "legacy/Xcompta-main/monster/src/assets/libs/jquery-asColor/package.json": [
      {
        "type": "Base64 High Entropy String",
        "filename": "legacy/Xcompta-main/monster/src/assets/libs/jquery-asColor/package.json",
        "hashed_secret": "671055cc7e9a0b361a36a3bef1abca939e0180d5",
        "is_verified": false,
        "line_number": 5
      },
      {
        "type": "Hex High Entropy String",
        "filename": "legacy/Xcompta-main/monster/src/assets/libs/jquery-asColor/package.json",
        "hashed_secret": "083d3e29e783455fcbd2827867d275ad1ff5d896",
        "is_verified": false,
        "line_number": 23
      }
    ],
    "legacy/Xcompta-main/monster/src/assets/libs/jquery-asGradient/package.json": [
      {
        "type": "Base64 High Entropy String",
        "filename": "legacy/Xcompta-main/monster/src/assets/libs/jquery-asGradient/package.json",
        "hashed_secret": "5c49941347411f3d383efb7c0ed458efbad23a8a",
        "is_verified": false,
        "line_number": 5
      },
      {
        "type": "Hex High Entropy String",
        "filename": "legacy/Xcompta-main/monster/src/assets/libs/jquery-asGradient/package.json",
        "hashed_secret": "39fa6347cc053b5e8f1ef35b39dc0e19bd81fa46",
        "is_verified": false,
        "line_number": 22
      }
    ],
    "legacy/Xcompta-main/monster/src/assets/libs/jquery-sessiontimeout/package.json": [
      {
        "type": "Base64 High Entropy String",
        "filename": "legacy/Xcompta-main/monster/src/assets/libs/jquery-sessiontimeout/package.json",
        "hashed_secret": "c3551f0f5550a0a99826dea9473815ddc730cc5d",
        "is_verified": false,
        "line_number": 11
      }
    ],
    "legacy/Xcompta-main/monster/src/assets/libs/jquery-sparkline/package.json": [
      {
        "type": "Base64 High Entropy String",
        "filename": "legacy/Xcompta-main/monster/src/assets/libs/jquery-sparkline/package.json",
        "hashed_secret": "35b0939455d186f30665371e27600d2f53ef0ff3",
        "is_verified": false,
        "line_number": 5
      },
      {
        "type": "Hex High Entropy String",
        "filename": "legacy/Xcompta-main/monster/src/assets/libs/jquery-sparkline/package.json",
        "hashed_secret": "3b212781b6b8d427a14d3df0f6748700f4820186",
        "is_verified": false,
        "line_number": 22
      }
    ],
    "legacy/Xcompta-main/monster/src/assets/libs/jquery-steps/package.json": [
      {
        "type": "Base64 High Entropy String",
        "filename": "legacy/Xcompta-main/monster/src/assets/libs/jquery-steps/package.json",
        "hashed_secret": "2288a26a591ea9d34584fa46f48da1984f44957c",
        "is_verified": false,
        "line_number": 11
      },
      {
        "type": "Hex High Entropy String",
        "filename": "legacy/Xcompta-main/monster/src/assets/libs/jquery-steps/package.json",
        "hashed_secret": "eab42877a9959da18a0b63f9b304495a0294cf9e",
        "is_verified": false,
        "line_number": 58
      }
    ],
    "legacy/Xcompta-main/monster/src/assets/libs/jquery-validation/dist/additional-methods.js": [
      {
        "type": "Base64 High Entropy String",
        "filename": "legacy/Xcompta-main/monster/src/assets/libs/jquery-validation/dist/additional-methods.js",
        "hashed_secret": "9c95ea66819f89033b1a79bf7668cb549d58d933",
        "is_verified": false,
        "line_number": 729
      },
      {
        "type": "Base64 High Entropy String",
        "filename": "legacy/Xcompta-main/monster/src/assets/libs/jquery-validation/dist/additional-methods.js",
        "hashed_secret": "730f90d1f398a547038b8b49418ece6d252a6bea",
        "is_verified": false,
        "line_number": 777
      }
    ],
    "legacy/Xcompta-main/monster/src/assets/libs/jquery.flot.tooltip/package.json": [
      {
        "type": "Base64 High Entropy String",
        "filename": "legacy/Xcompta-main/monster/src/assets/libs/jquery.flot.tooltip/package.json",
        "hashed_secret": "aeb94016c0588956563c8d2a88b3210f0b532bf8",
        "is_verified": false,
        "line_number": 5
      },
      {
        "type": "Hex High Entropy String",
        "filename": "legacy/Xcompta-main/monster/src/assets/libs/jquery.flot.tooltip/package.json",
        "hashed_secret": "d2bbc1d03d1a45ab22d29a552c15d6008fd1fdae",
        "is_verified": false,
        "line_number": 22
      }
    ],
    "legacy/Xcompta-main/monster/src/assets/libs/jquery.repeater/package.json": [
      {
        "type": "Base64 High Entropy String",
        "filename": "legacy/Xcompta-main/monster/src/assets/libs/jquery.repeater/package.json",
        "hashed_secret": "938883390b6e7968718f5218834e2fdb7055db35",
        "is_verified": false,
        "line_number": 11
      }
    ],
    "legacy/Xcompta-main/monster/src/assets/libs/knob/node_modules/object-keys/package.json": [
      {
        "type": "Base64 High Entropy String",
        "filename": "legacy/Xcompta-main/monster/src/assets/libs/knob/node_modules/object-keys/package.json",
        "hashed_secret": "a670532e835750fbbf02a356b52ad5f7176c9821",
        "is_verified": false,
        "line_number": 5
      },
      {
        "type": "Hex High Entropy String",
        "filename": "legacy/Xcompta-main/monster/src/assets/libs/knob/node_modules/object-keys/package.json",
        "hashed_secret": "5dfc4b1c8a3384f8a3f6869faf0bfc106ffb1416",
        "is_verified": false,
        "line_number": 22
      }
    ],
    "legacy/Xcompta-main/monster/src/assets/libs/knob/node_modules/xtend/package.json": [
      {
        "type": "Base64 High Entropy String",
        "filename": "legacy/Xcompta-main/monster/src/assets/libs/knob/node_modules/xtend/package.json",
        "hashed_secret": "75f679e74100b843650e0682707a8c2804d4a97b",
        "is_verified": false,
        "line_number": 5
      },
      {
        "type": "Hex High Entropy String",
        "filename": "legacy/Xcompta-main/monster/src/assets/libs/knob/node_modules/xtend/package.json",
        "hashed_secret": "f75c0539c18de9ccc46bf642797d38c04bb866b9",
        "is_verified": false,
        "line_number": 22
      }
    ],
    "legacy/Xcompta-main/monster/src/assets/libs/knob/package.json": [
      {
        "type": "Base64 High Entropy String",
        "filename": "legacy/Xcompta-main/monster/src/assets/libs/knob/package.json",
        "hashed_secret": "74d870d36e078562cdbed8fb3d39504e1c87427e",
        "is_verified": false,
        "line_number": 5
      },
      {
        "type": "Hex High Entropy String",
        "filename": "legacy/Xcompta-main/monster/src/assets/libs/knob/package.json",
        "hashed_secret": "947c2b0bd210a697645227d39b1ae4d94e1f67d0",
        "is_verified": false,
        "line_number": 28
      }
    ],
    "legacy/Xcompta-main/monster/src/assets/libs/moment/min/locales.min.js": [
      {
        "type": "Base64 High Entropy String",
        "filename": "legacy/Xcompta-main/monster/src/assets/libs/moment/min/locales.min.js",
        "hashed_secret": "25803bdd7f6d63cf5618c3d0c85a007d73d57463",
        "is_verified": false,
        "line_number": 1
      },
      {
        "type": "Base64 High Entropy String",
        "filename": "legacy/Xcompta-main/monster/src/assets/libs/moment/min/locales.min.js",
        "hashed_secret": "abb3d895d1677bdb26876ea212af7bf1022dd485",
        "is_verified": false,
        "line_number": 1
      },
      {
        "type": "Base64 High Entropy String",
        "filename": "legacy/Xcompta-main/monster/src/assets/libs/moment/min/locales.min.js",
        "hashed_secret": "d3cdb3d23cad61a15349bb76a210cf177428c63f",
        "is_verified": false,
        "line_number": 1
      }
    ],
    "legacy/Xcompta-main/monster/src/assets/libs/moment/min/moment-with-locales.min.js": [
      {
        "type": "Base64 High Entropy String",
        "filename": "legacy/Xcompta-main/monster/src/assets/libs/moment/min/moment-with-locales.min.js",
        "hashed_secret": "25803bdd7f6d63cf5618c3d0c85a007d73d57463",
        "is_verified": false,
        "line_number": 1
      },
      {
        "type": "Base64 High Entropy String",
        "filename": "legacy/Xcompta-main/monster/src/assets/libs/moment/min/moment-with-locales.min.js",
        "hashed_secret": "abb3d895d1677bdb26876ea212af7bf1022dd485",
        "is_verified": false,
        "line_number": 1
      },
      {
        "type": "Base64 High Entropy String",
        "filename": "legacy/Xcompta-main/monster/src/assets/libs/moment/min/moment-with-locales.min.js",
        "hashed_secret": "d3cdb3d23cad61a15349bb76a210cf177428c63f",
        "is_verified": false,
        "line_number": 1
      }
    ],
    "legacy/Xcompta-main/monster/src/assets/libs/moment/package.json": [
      {
        "type": "Base64 High Entropy String",
        "filename": "legacy/Xcompta-main/monster/src/assets/libs/moment/package.json",
        "hashed_secret": "a9719672b7397a426f377170eca6e724c5b565e8",
        "is_verified": false,
        "line_number": 11
      }
    ],
    "legacy/Xcompta-main/monster/src/assets/libs/morris.js/package.json": [
      {
        "type": "Base64 High Entropy String",
        "filename": "legacy/Xcompta-main/monster/src/assets/libs/morris.js/package.json",
        "hashed_secret": "1766ea4222dd2e55c569d6298dace91f3a9dc95b",
        "is_verified": false,
        "line_number": 11
      }
    ],
    "legacy/Xcompta-main/monster/src/assets/libs/natives/package.json": [
      {
        "type": "Base64 High Entropy String",
        "filename": "legacy/Xcompta-main/monster/src/assets/libs/natives/package.json",
        "hashed_secret": "8f8e63904bf6f18163b7551b3fc82af88e9a03ef",
        "is_verified": false,
        "line_number": 11
      }
    ],
    "legacy/Xcompta-main/monster/src/assets/libs/nouislider/package.json": [
      {
        "type": "Base64 High Entropy String",
        "filename": "legacy/Xcompta-main/monster/src/assets/libs/nouislider/package.json",
        "hashed_secret": "80914671ab8498fc28ea1a02bf26e6e6eeb1134a",
        "is_verified": false,
        "line_number": 11
      }
    ],
    "legacy/Xcompta-main/monster/src/assets/libs/pickadate/package.json": [
      {
        "type": "Base64 High Entropy String",
        "filename": "legacy/Xcompta-main/monster/src/assets/libs/pickadate/package.json",
        "hashed_secret": "53f72fffeae651da2dc4fda9a88da7cdc003f057",
        "is_verified": false,
        "line_number": 11
      }
    ],
    "legacy/Xcompta-main/monster/src/assets/libs/raphael/package.json": [
      {
        "type": "Base64 High Entropy String",
        "filename": "legacy/Xcompta-main/monster/src/assets/libs/raphael/package.json",
        "hashed_secret": "97189d5d36b52d8c77bc218b2395383431f5a727",
        "is_verified": false,
        "line_number": 11
      }
    ],
    "legacy/Xcompta-main/monster/src/assets/libs/raty-js/package.json": [
      {
        "type": "Base64 High Entropy String",
        "filename": "legacy/Xcompta-main/monster/src/assets/libs/raty-js/package.json",
        "hashed_secret": "3556441960866cd3378e3d192a6f8e72480b0d0c",
        "is_verified": false,
        "line_number": 11
      }
    ],
    "legacy/Xcompta-main/monster/src/assets/libs/tinymce/package.json": [
      {
        "type": "Base64 High Entropy String",
        "filename": "legacy/Xcompta-main/monster/src/assets/libs/tinymce/package.json",
        "hashed_secret": "8ae04dcdf1911430d4940d00983f238a1fd3383d",
        "is_verified": false,
        "line_number": 11
      }
    ],
    "legacy/Xcompta-main/monster/src/assets/libs/toastr/package.json": [
      {
        "type": "Base64 High Entropy String",
        "filename": "legacy/Xcompta-main/monster/src/assets/libs/toastr/package.json",
        "hashed_secret": "90ed508e351b59fc4a234863019b9e2abd497a3c",
        "is_verified": false,
        "line_number": 11
      }
    ],
    "legacy/Xcompta-main/monster/src/assets/libs/vectormap-js/README.md": [
      {
        "type": "Secret Keyword",
        "filename": "legacy/Xcompta-main/monster/src/assets/libs/vectormap-js/README.md",
        "hashed_secret": "491cb2111510a5951840dfdf209deb25f1285fe3",
        "is_verified": false,
        "line_number": 124
      }
    ],
    "legacy/Xcompta-main/monster/src/assets/libs/vectormap-js/package.json": [
      {
        "type": "Base64 High Entropy String",
        "filename": "legacy/Xcompta-main/monster/src/assets/libs/vectormap-js/package.json",
        "hashed_secret": "f84348e110b3f4db6224bbf3a1907a05ddb340b6",
        "is_verified": false,
        "line_number": 5
      },
      {
        "type": "Hex High Entropy String",
        "filename": "legacy/Xcompta-main/monster/src/assets/libs/vectormap-js/package.json",
        "hashed_secret": "ac6daef8d858efae343c1b20f9922006fd8b3c92",
        "is_verified": false,
        "line_number": 22
      }
    ],
    "legacy/Xcompta-main/monster/src/assets/libs/vectormap-js/vectormap-dev.js": [
      {
        "type": "Base64 High Entropy String",
        "filename": "legacy/Xcompta-main/monster/src/assets/libs/vectormap-js/vectormap-dev.js",
        "hashed_secret": "d1b3a8f61b30a66763fcb288e7eecbb7aa5baac6",
        "is_verified": false,
        "line_number": 19096
      },
      {
        "type": "Base64 High Entropy String",
        "filename": "legacy/Xcompta-main/monster/src/assets/libs/vectormap-js/vectormap-dev.js",
        "hashed_secret": "c7c6eefe2e7400cc79d931d08db1a12d262745ec",
        "is_verified": false,
        "line_number": 19097
      },
      {
        "type": "Base64 High Entropy String",
        "filename": "legacy/Xcompta-main/monster/src/assets/libs/vectormap-js/vectormap-dev.js",
        "hashed_secret": "a58f0ff2cbcc9346f1dce6f48180a80b90f23a32",
        "is_verified": false,
        "line_number": 19098
      },
      {
        "type": "Base64 High Entropy String",
        "filename": "legacy/Xcompta-main/monster/src/assets/libs/vectormap-js/vectormap-dev.js",
        "hashed_secret": "ffc1687c40a4daebcc3c48a3486a2bb0fc705835",
        "is_verified": false,
        "line_number": 19099
      },
      {
        "type": "Base64 High Entropy String",
        "filename": "legacy/Xcompta-main/monster/src/assets/libs/vectormap-js/vectormap-dev.js",
        "hashed_secret": "bf9a183ca9f696138c4057d26ce122c123a302f7",
        "is_verified": false,
        "line_number": 19102
      },
      {
        "type": "Base64 High Entropy String",
        "filename": "legacy/Xcompta-main/monster/src/assets/libs/vectormap-js/vectormap-dev.js",
        "hashed_secret": "743a106c1d423dd82f9a3467c85a84e6a408956f",
        "is_verified": false,
        "line_number": 19104
      },
      {
        "type": "Base64 High Entropy String",
        "filename": "legacy/Xcompta-main/monster/src/assets/libs/vectormap-js/vectormap-dev.js",
        "hashed_secret": "41f519bf1f79c93f29bf0f704bed83b9a73e6e76",
        "is_verified": false,
        "line_number": 19105
      },
      {
        "type": "Base64 High Entropy String",
        "filename": "legacy/Xcompta-main/monster/src/assets/libs/vectormap-js/vectormap-dev.js",
        "hashed_secret": "3c5c2587175bcfcc6164f807b3826f693d46bc11",
        "is_verified": false,
        "line_number": 19106
      },
      {
        "type": "Base64 High Entropy String",
        "filename": "legacy/Xcompta-main/monster/src/assets/libs/vectormap-js/vectormap-dev.js",
        "hashed_secret": "e5cf8b0dd1f7123e5fc59fbad69061b3207ebea2",
        "is_verified": false,
        "line_number": 19107
      },
      {
        "type": "Base64 High Entropy String",
        "filename": "legacy/Xcompta-main/monster/src/assets/libs/vectormap-js/vectormap-dev.js",
        "hashed_secret": "a36d69ba7da965423903ef60e3720f8e61d61037",
        "is_verified": false,
        "line_number": 19108
      },
      {
        "type": "Base64 High Entropy String",
        "filename": "legacy/Xcompta-main/monster/src/assets/libs/vectormap-js/vectormap-dev.js",
        "hashed_secret": "6937add62c38fe5581e88156a283af907eb3e340",
        "is_verified": false,
        "line_number": 19109
      },
      {
        "type": "Base64 High Entropy String",
        "filename": "legacy/Xcompta-main/monster/src/assets/libs/vectormap-js/vectormap-dev.js",
        "hashed_secret": "8b24e487d3fb94f13a19a476b7a70dad8d3d5334",
        "is_verified": false,
        "line_number": 19110
      },
      {
        "type": "Base64 High Entropy String",
        "filename": "legacy/Xcompta-main/monster/src/assets/libs/vectormap-js/vectormap-dev.js",
        "hashed_secret": "7fdf27d4eb7f5916d61ea0ca3a408d408c83fe59",
        "is_verified": false,
        "line_number": 19111
      },
      {
        "type": "Base64 High Entropy String",
        "filename": "legacy/Xcompta-main/monster/src/assets/libs/vectormap-js/vectormap-dev.js",
        "hashed_secret": "f99cbdd54ab0d4794f79751a29f25cb86cd2751d",
        "is_verified": false,
        "line_number": 19112
      },
      {
        "type": "Base64 High Entropy String",
        "filename": "legacy/Xcompta-main/monster/src/assets/libs/vectormap-js/vectormap-dev.js",
        "hashed_secret": "43f6c0fa5f22dc5d21ac9cbf20ea66aa66f5e252",
        "is_verified": false,
        "line_number": 19113
      },
      {
        "type": "Base64 High Entropy String",
        "filename": "legacy/Xcompta-main/monster/src/assets/libs/vectormap-js/vectormap-dev.js",
        "hashed_secret": "c2d4e7d5a8290deff6698af26386c77101cec706",
        "is_verified": false,
        "line_number": 19114
      }
    ],
    "legacy/Xcompta-main/monster/src/assets/libs/wnumb/package.json": [
      {
        "type": "Base64 High Entropy String",
        "filename": "legacy/Xcompta-main/monster/src/assets/libs/wnumb/package.json",
        "hashed_secret": "c3934d1f8e7b22d39c539a0bcd19ed03d0d1fec3",
        "is_verified": false,
        "line_number": 11
      }
    ],
    "test_authorization.sh": [
      {
        "type": "Secret Keyword",
        "filename": "test_authorization.sh",
        "hashed_secret": "f865b53623b121fd34ee5426c792e5c33af8c227",
        "is_verified": false,
        "line_number": 10
      }
    ]
  },
  "generated_at": "2026-04-09T22:01:28Z"
}
